2025-07-22T16:27:42.897+0900 [DEBUG] [org.gradle.launcher.daemon.bootstrap.DaemonMain] Assuming the daemon was started with following jvm opts: [--add-opens=java.base/java.util=ALL-UNNAMED, --add-opens=java.base/java.lang=ALL-UNNAMED, --add-opens=java.base/java.lang.invoke=ALL-UNNAMED, --add-opens=java.prefs/java.util.prefs=ALL-UNNAMED, --add-opens=java.base/java.nio.charset=ALL-UNNAMED, --add-opens=java.base/java.net=ALL-UNNAMED, --add-opens=java.base/java.util.concurrent.atomic=ALL-UNNAMED, -XX:MaxMetaspaceSize=384m, -XX:+HeapDumpOnOutOfMemoryError, -Xms256m, -Xmx512m, -Dfile.encoding=UTF-8, -Duser.country, -Duser.language=en, -Duser.variant]
2025-07-22T16:27:42.966+0900 [INFO] [org.gradle.launcher.daemon.server.Daemon] start() called on daemon - DefaultDaemonContext[uid=ed9473dc-11bb-4ce3-86b9-7be7a0447056,javaHome=/Users/bangdaehyeog/Library/Java/JavaVirtualMachines/ms-21.0.7/Contents/Home,javaVersion=21,daemonRegistryDir=/Users/bangdaehyeog/Desktop/stayD/daemon,pid=34089,idleTimeout=10800000,priority=NORMAL,applyInstrumentationAgent=true,nativeServicesMode=ENABLED,daemonOpts=--add-opens=java.base/java.util=ALL-UNNAMED,--add-opens=java.base/java.lang=ALL-UNNAMED,--add-opens=java.base/java.lang.invoke=ALL-UNNAMED,--add-opens=java.prefs/java.util.prefs=ALL-UNNAMED,--add-opens=java.base/java.nio.charset=ALL-UNNAMED,--add-opens=java.base/java.net=ALL-UNNAMED,--add-opens=java.base/java.util.concurrent.atomic=ALL-UNNAMED,-XX:MaxMetaspaceSize=384m,-XX:+HeapDumpOnOutOfMemoryError,-Xms256m,-Xmx512m,-Dfile.encoding=UTF-8,-Duser.country,-Duser.language=en,-Duser.variant]
2025-07-22T16:27:42.999+0900 [DEBUG] [org.gradle.internal.remote.internal.inet.InetAddresses] Adding IP addresses for network interface utun5
2025-07-22T16:27:42.999+0900 [DEBUG] [org.gradle.internal.remote.internal.inet.InetAddresses] Is this a loopback interface? false
2025-07-22T16:27:42.999+0900 [DEBUG] [org.gradle.internal.remote.internal.inet.InetAddresses] Adding remote address /fe80:0:0:0:8088:a3b8:6417:6aba%utun5
2025-07-22T16:27:42.999+0900 [DEBUG] [org.gradle.internal.remote.internal.inet.InetAddresses] Adding IP addresses for network interface utun4
2025-07-22T16:27:42.999+0900 [DEBUG] [org.gradle.internal.remote.internal.inet.InetAddresses] Is this a loopback interface? false
2025-07-22T16:27:43.000+0900 [DEBUG] [org.gradle.internal.remote.internal.inet.InetAddresses] Adding remote address /fe80:0:0:0:b73c:ad8:e52c:bc37%utun4
2025-07-22T16:27:43.000+0900 [DEBUG] [org.gradle.internal.remote.internal.inet.InetAddresses] Adding IP addresses for network interface utun3
2025-07-22T16:27:43.000+0900 [DEBUG] [org.gradle.internal.remote.internal.inet.InetAddresses] Is this a loopback interface? false
2025-07-22T16:27:43.000+0900 [DEBUG] [org.gradle.internal.remote.internal.inet.InetAddresses] Adding remote address /fe80:0:0:0:ce81:b1c:bd2c:69e%utun3
2025-07-22T16:27:43.000+0900 [DEBUG] [org.gradle.internal.remote.internal.inet.InetAddresses] Adding IP addresses for network interface utun2
2025-07-22T16:27:43.000+0900 [DEBUG] [org.gradle.internal.remote.internal.inet.InetAddresses] Is this a loopback interface? false
2025-07-22T16:27:43.000+0900 [DEBUG] [org.gradle.internal.remote.internal.inet.InetAddresses] Adding remote address /fe80:0:0:0:3e73:7391:95dc:5cd4%utun2
2025-07-22T16:27:43.000+0900 [DEBUG] [org.gradle.internal.remote.internal.inet.InetAddresses] Adding IP addresses for network interface utun1
2025-07-22T16:27:43.001+0900 [DEBUG] [org.gradle.internal.remote.internal.inet.InetAddresses] Is this a loopback interface? false
2025-07-22T16:27:43.001+0900 [DEBUG] [org.gradle.internal.remote.internal.inet.InetAddresses] Adding remote address /fe80:0:0:0:e43d:36b9:d1c3:19aa%utun1
2025-07-22T16:27:43.001+0900 [DEBUG] [org.gradle.internal.remote.internal.inet.InetAddresses] Adding IP addresses for network interface utun0
2025-07-22T16:27:43.001+0900 [DEBUG] [org.gradle.internal.remote.internal.inet.InetAddresses] Is this a loopback interface? false
2025-07-22T16:27:43.001+0900 [DEBUG] [org.gradle.internal.remote.internal.inet.InetAddresses] Adding remote address /fe80:0:0:0:e43e:cfc5:dcfc:bfa4%utun0
2025-07-22T16:27:43.001+0900 [DEBUG] [org.gradle.internal.remote.internal.inet.InetAddresses] Adding IP addresses for network interface llw0
2025-07-22T16:27:43.001+0900 [DEBUG] [org.gradle.internal.remote.internal.inet.InetAddresses] Is this a loopback interface? false
2025-07-22T16:27:43.001+0900 [DEBUG] [org.gradle.internal.remote.internal.inet.InetAddresses] Adding remote address /fe80:0:0:0:c410:12ff:fe33:d127%llw0
2025-07-22T16:27:43.001+0900 [DEBUG] [org.gradle.internal.remote.internal.inet.InetAddresses] Adding IP addresses for network interface awdl0
2025-07-22T16:27:43.002+0900 [DEBUG] [org.gradle.internal.remote.internal.inet.InetAddresses] Is this a loopback interface? false
2025-07-22T16:27:43.002+0900 [DEBUG] [org.gradle.internal.remote.internal.inet.InetAddresses] Adding remote address /fe80:0:0:0:c410:12ff:fe33:d127%awdl0
2025-07-22T16:27:43.002+0900 [DEBUG] [org.gradle.internal.remote.internal.inet.InetAddresses] Adding IP addresses for network interface en0
2025-07-22T16:27:43.002+0900 [DEBUG] [org.gradle.internal.remote.internal.inet.InetAddresses] Is this a loopback interface? false
2025-07-22T16:27:43.002+0900 [DEBUG] [org.gradle.internal.remote.internal.inet.InetAddresses] Adding remote address /fe80:0:0:0:1465:5300:fa1c:aac0%en0
2025-07-22T16:27:43.002+0900 [DEBUG] [org.gradle.internal.remote.internal.inet.InetAddresses] Adding remote address /192.168.4.192
2025-07-22T16:27:43.002+0900 [DEBUG] [org.gradle.internal.remote.internal.inet.InetAddresses] Adding IP addresses for network interface lo0
2025-07-22T16:27:43.002+0900 [DEBUG] [org.gradle.internal.remote.internal.inet.InetAddresses] Is this a loopback interface? true
2025-07-22T16:27:43.003+0900 [DEBUG] [org.gradle.internal.remote.internal.inet.InetAddresses] Ignoring remote address on loopback interface /fe80:0:0:0:0:0:0:1%lo0
2025-07-22T16:27:43.003+0900 [DEBUG] [org.gradle.internal.remote.internal.inet.InetAddresses] Adding loopback address /0:0:0:0:0:0:0:1%lo0
2025-07-22T16:27:43.003+0900 [DEBUG] [org.gradle.internal.remote.internal.inet.InetAddresses] Adding loopback address /127.0.0.1
2025-07-22T16:27:43.005+0900 [DEBUG] [org.gradle.internal.remote.internal.inet.TcpIncomingConnector] Listening on [f4f3c0ba-04e1-4b08-81ac-a948e97a46a9 port:52768, addresses:[localhost/127.0.0.1]].
2025-07-22T16:27:43.014+0900 [DEBUG] [org.gradle.launcher.daemon.server.Daemon] Daemon starting at: Tue Jul 22 16:27:43 KST 2025, with address: [f4f3c0ba-04e1-4b08-81ac-a948e97a46a9 port:52768, addresses:[localhost/127.0.0.1]]
2025-07-22T16:27:43.014+0900 [INFO] [org.gradle.launcher.daemon.server.DaemonRegistryUpdater] Advertising the daemon address to the clients: [f4f3c0ba-04e1-4b08-81ac-a948e97a46a9 port:52768, addresses:[localhost/127.0.0.1]]
2025-07-22T16:27:43.014+0900 [DEBUG] [org.gradle.launcher.daemon.server.DaemonRegistryUpdater] Advertised daemon context: DefaultDaemonContext[uid=ed9473dc-11bb-4ce3-86b9-7be7a0447056,javaHome=/Users/bangdaehyeog/Library/Java/JavaVirtualMachines/ms-21.0.7/Contents/Home,javaVersion=21,daemonRegistryDir=/Users/bangdaehyeog/Desktop/stayD/daemon,pid=34089,idleTimeout=10800000,priority=NORMAL,applyInstrumentationAgent=true,nativeServicesMode=ENABLED,daemonOpts=--add-opens=java.base/java.util=ALL-UNNAMED,--add-opens=java.base/java.lang=ALL-UNNAMED,--add-opens=java.base/java.lang.invoke=ALL-UNNAMED,--add-opens=java.prefs/java.util.prefs=ALL-UNNAMED,--add-opens=java.base/java.nio.charset=ALL-UNNAMED,--add-opens=java.base/java.net=ALL-UNNAMED,--add-opens=java.base/java.util.concurrent.atomic=ALL-UNNAMED,-XX:MaxMetaspaceSize=384m,-XX:+HeapDumpOnOutOfMemoryError,-Xms256m,-Xmx512m,-Dfile.encoding=UTF-8,-Duser.country,-Duser.language=en,-Duser.variant]
2025-07-22T16:27:43.015+0900 [DEBUG] [org.gradle.launcher.daemon.registry.PersistentDaemonRegistry] Storing daemon address: [f4f3c0ba-04e1-4b08-81ac-a948e97a46a9 port:52768, addresses:[localhost/127.0.0.1]], context: DefaultDaemonContext[uid=ed9473dc-11bb-4ce3-86b9-7be7a0447056,javaHome=/Users/bangdaehyeog/Library/Java/JavaVirtualMachines/ms-21.0.7/Contents/Home,javaVersion=21,daemonRegistryDir=/Users/bangdaehyeog/Desktop/stayD/daemon,pid=34089,idleTimeout=10800000,priority=NORMAL,applyInstrumentationAgent=true,nativeServicesMode=ENABLED,daemonOpts=--add-opens=java.base/java.util=ALL-UNNAMED,--add-opens=java.base/java.lang=ALL-UNNAMED,--add-opens=java.base/java.lang.invoke=ALL-UNNAMED,--add-opens=java.prefs/java.util.prefs=ALL-UNNAMED,--add-opens=java.base/java.nio.charset=ALL-UNNAMED,--add-opens=java.base/java.net=ALL-UNNAMED,--add-opens=java.base/java.util.concurrent.atomic=ALL-UNNAMED,-XX:MaxMetaspaceSize=384m,-XX:+HeapDumpOnOutOfMemoryError,-Xms256m,-Xmx512m,-Dfile.encoding=UTF-8,-Duser.country,-Duser.language=en,-Duser.variant]
2025-07-22T16:27:43.023+0900 [DEBUG] [org.gradle.cache.internal.DefaultFileLockManager] Waiting to acquire exclusive lock on daemon addresses registry.
2025-07-22T16:27:43.024+0900 [DEBUG] [org.gradle.cache.internal.DefaultFileLockManager] Lock acquired on daemon addresses registry.
2025-07-22T16:27:43.027+0900 [DEBUG] [org.gradle.cache.internal.DefaultFileLockManager] Releasing lock on daemon addresses registry.
2025-07-22T16:27:43.027+0900 [LIFECYCLE] [org.gradle.launcher.daemon.server.Daemon] Daemon server started.
2025-07-22T16:27:43.028+0900 [DEBUG] [org.gradle.launcher.daemon.bootstrap.DaemonStartupCommunication] Completed writing the daemon greeting. Closing streams...
2025-07-22T16:27:43.030+0900 [DEBUG] [org.gradle.launcher.daemon.server.Daemon] stopOnExpiration() called on daemon
2025-07-22T16:27:43.031+0900 [DEBUG] [org.gradle.launcher.daemon.server.Daemon] awaitExpiration() called on daemon
2025-07-22T16:27:43.032+0900 [DEBUG] [org.gradle.launcher.daemon.server.DaemonStateCoordinator] daemon is running. Sleeping until state changes.
2025-07-22T16:27:43.032+0900 [DEBUG] [org.gradle.internal.remote.internal.inet.TcpIncomingConnector] Accepted connection from /127.0.0.1:52769 to /127.0.0.1:52768.
2025-07-22T16:27:43.048+0900 [DEBUG] [org.gradle.launcher.daemon.server.SynchronizedDispatchConnection] thread 32: received class org.gradle.launcher.daemon.protocol.Build
2025-07-22T16:27:43.048+0900 [DEBUG] [org.gradle.launcher.daemon.server.DefaultDaemonConnection] thread 32: Received non-IO message from client: Build{id=8fb2bbfe-c35d-43cc-b020-342ab105e9eb, currentDir=/Users/bangdaehyeog/Desktop/stayD}
2025-07-22T16:27:43.049+0900 [INFO] [org.gradle.launcher.daemon.server.DefaultIncomingConnectionHandler] Received command: Build{id=8fb2bbfe-c35d-43cc-b020-342ab105e9eb, currentDir=/Users/bangdaehyeog/Desktop/stayD}.
2025-07-22T16:27:43.049+0900 [DEBUG] [org.gradle.launcher.daemon.server.DefaultIncomingConnectionHandler] Starting executing command: Build{id=8fb2bbfe-c35d-43cc-b020-342ab105e9eb, currentDir=/Users/bangdaehyeog/Desktop/stayD} with connection: socket connection from /127.0.0.1:52768 to /127.0.0.1:52769.
2025-07-22T16:27:43.050+0900 [DEBUG] [org.gradle.launcher.daemon.server.DaemonStateCoordinator] Command execution: started DaemonCommandExecution[command = Build{id=8fb2bbfe-c35d-43cc-b020-342ab105e9eb, currentDir=/Users/bangdaehyeog/Desktop/stayD}, connection = DefaultDaemonConnection: socket connection from /127.0.0.1:52768 to /127.0.0.1:52769] after 0.0 minutes of idle
2025-07-22T16:27:43.050+0900 [INFO] [org.gradle.launcher.daemon.server.DaemonRegistryUpdater] Marking the daemon as busy, address: [f4f3c0ba-04e1-4b08-81ac-a948e97a46a9 port:52768, addresses:[localhost/127.0.0.1]]
2025-07-22T16:27:43.050+0900 [DEBUG] [org.gradle.launcher.daemon.registry.PersistentDaemonRegistry] Marking busy by address: [f4f3c0ba-04e1-4b08-81ac-a948e97a46a9 port:52768, addresses:[localhost/127.0.0.1]]
2025-07-22T16:27:43.051+0900 [DEBUG] [org.gradle.cache.internal.DefaultFileLockManager] Waiting to acquire exclusive lock on daemon addresses registry.
2025-07-22T16:27:43.051+0900 [DEBUG] [org.gradle.cache.internal.DefaultFileLockManager] Lock acquired on daemon addresses registry.
2025-07-22T16:27:43.051+0900 [DEBUG] [org.gradle.cache.internal.DefaultFileLockManager] Releasing lock on daemon addresses registry.
2025-07-22T16:27:43.051+0900 [DEBUG] [org.gradle.launcher.daemon.server.DaemonStateCoordinator] resetting idle timer
2025-07-22T16:27:43.051+0900 [DEBUG] [org.gradle.launcher.daemon.server.DaemonStateCoordinator] daemon is running. Sleeping until state changes.
2025-07-22T16:27:43.052+0900 [INFO] [org.gradle.launcher.daemon.server.exec.StartBuildOrRespondWithBusy] Daemon is about to start building Build{id=8fb2bbfe-c35d-43cc-b020-342ab105e9eb, currentDir=/Users/bangdaehyeog/Desktop/stayD}. Dispatching build started information...
2025-07-22T16:27:43.052+0900 [DEBUG] [org.gradle.launcher.daemon.server.SynchronizedDispatchConnection] thread 34: dispatching org.gradle.launcher.daemon.protocol.BuildStarted@16821e04
2025-07-22T16:27:43.053+0900 [DEBUG] [org.gradle.launcher.daemon.server.exec.EstablishBuildEnvironment] Configuring env variables: [PATH, __CFBundleIdentifier, SHELL, PAGER, IJ_RESTARTER_LOG, LSCOLORS, OLDPWD, USER, ZSH, COMMAND_MODE, TMPDIR, SSH_AUTH_SOCK, XPC_FLAGS, __CF_USER_TEXT_ENCODING, LESS, LOGNAME, LC_CTYPE, LS_COLORS, XPC_SERVICE_NAME, HOME]
2025-07-22T16:27:43.055+0900 [DEBUG] [org.gradle.launcher.daemon.server.exec.LogToClient] About to start relaying all logs to the client via the connection.
2025-07-22T16:27:43.056+0900 [INFO] [org.gradle.launcher.daemon.server.exec.LogToClient] The client will now receive all logging from the daemon (pid: 34089). The daemon log file: /Users/bangdaehyeog/Desktop/stayD/daemon/8.8/daemon-34089.out.log
2025-07-22T16:27:43.057+0900 [INFO] [org.gradle.launcher.daemon.server.exec.LogAndCheckHealth] Starting build in new daemon [memory: 512 MiB]
2025-07-22T16:27:43.058+0900 [DEBUG] [org.gradle.launcher.daemon.server.exec.ExecuteBuild] The daemon has started executing the build.
2025-07-22T16:27:43.058+0900 [DEBUG] [org.gradle.launcher.daemon.server.exec.ExecuteBuild] Executing build with daemon context: DefaultDaemonContext[uid=ed9473dc-11bb-4ce3-86b9-7be7a0447056,javaHome=/Users/bangdaehyeog/Library/Java/JavaVirtualMachines/ms-21.0.7/Contents/Home,javaVersion=21,daemonRegistryDir=/Users/bangdaehyeog/Desktop/stayD/daemon,pid=34089,idleTimeout=10800000,priority=NORMAL,applyInstrumentationAgent=true,nativeServicesMode=ENABLED,daemonOpts=--add-opens=java.base/java.util=ALL-UNNAMED,--add-opens=java.base/java.lang=ALL-UNNAMED,--add-opens=java.base/java.lang.invoke=ALL-UNNAMED,--add-opens=java.prefs/java.util.prefs=ALL-UNNAMED,--add-opens=java.base/java.nio.charset=ALL-UNNAMED,--add-opens=java.base/java.net=ALL-UNNAMED,--add-opens=java.base/java.util.concurrent.atomic=ALL-UNNAMED,-XX:MaxMetaspaceSize=384m,-XX:+HeapDumpOnOutOfMemoryError,-Xms256m,-Xmx512m,-Dfile.encoding=UTF-8,-Duser.country,-Duser.language=en,-Duser.variant]
Project : => 'org.example.stayd' Java module

------------------------------------------------------------
Root project 'stayD'
------------------------------------------------------------

annotationProcessor - Annotation processors and their dependencies for source set 'main'.
+--- org.projectlombok:lombok:1.18.30
\--- org.projectlombok:lombok:1.18.24 -> 1.18.30

compileClasspath - Compile classpath for source set 'main'.
+--- org.projectlombok:lombok:1.18.30
+--- org.openjfx:javafx-base:21
+--- org.openjfx:javafx-graphics:21
|    \--- org.openjfx:javafx-base:21
+--- org.openjfx:javafx-controls:21
|    \--- org.openjfx:javafx-graphics:21 (*)
+--- org.openjfx:javafx-fxml:21
|    \--- org.openjfx:javafx-controls:21 (*)
+--- com.oracle.database.jdbc:ojdbc11:21.7.0.0
+--- jakarta.validation:jakarta.validation-api:3.0.2
+--- org.hibernate.validator:hibernate-validator:8.0.0.Final
|    +--- jakarta.validation:jakarta.validation-api:3.0.2
|    +--- org.jboss.logging:jboss-logging:3.4.1.Final
|    \--- com.fasterxml:classmate:1.5.1
+--- org.mindrot:jbcrypt:0.4
+--- org.glassfish:jakarta.el:4.0.2
|    \--- jakarta.el:jakarta.el-api:4.0.0
+--- com.fasterxml:classmate:1.5.1
+--- com.sun.mail:javax.mail:1.6.2
|    \--- javax.activation:activation:1.1
\--- org.projectlombok:lombok:1.18.24 -> 1.18.30

compileOnly - Compile-only dependencies for the 'main' feature. (n)
\--- org.projectlombok:lombok:1.18.30 (n)

default - Configuration for default artifacts. (n)
No dependencies

implementation - Implementation dependencies for the 'main' feature. (n)
+--- org.openjfx:javafx-base:21 (n)
+--- org.openjfx:javafx-graphics:21 (n)
+--- org.openjfx:javafx-controls:21 (n)
+--- org.openjfx:javafx-fxml:21 (n)
+--- com.oracle.database.jdbc:ojdbc11:21.7.0.0 (n)
+--- jakarta.validation:jakarta.validation-api:3.0.2 (n)
+--- org.hibernate.validator:hibernate-validator:8.0.0.Final (n)
+--- org.mindrot:jbcrypt:0.4 (n)
+--- org.glassfish:jakarta.el:4.0.2 (n)
+--- com.fasterxml:classmate:1.5.1 (n)
\--- com.sun.mail:javax.mail:1.6.2 (n)

lombok
\--- org.projectlombok:lombok:1.18.24

mainSourceElements - List of source directories contained in the Main SourceSet. (n)
No dependencies

runtimeClasspath - Runtime classpath of source set 'main'.
+--- org.openjfx:javafx-base:21
+--- org.openjfx:javafx-graphics:21
|    \--- org.openjfx:javafx-base:21
+--- org.openjfx:javafx-controls:21
|    \--- org.openjfx:javafx-graphics:21 (*)
+--- org.openjfx:javafx-fxml:21
|    \--- org.openjfx:javafx-controls:21 (*)
+--- com.oracle.database.jdbc:ojdbc11:21.7.0.0
+--- jakarta.validation:jakarta.validation-api:3.0.2
+--- org.hibernate.validator:hibernate-validator:8.0.0.Final
|    +--- jakarta.validation:jakarta.validation-api:3.0.2
|    +--- org.jboss.logging:jboss-logging:3.4.1.Final
|    \--- com.fasterxml:classmate:1.5.1
+--- org.mindrot:jbcrypt:0.4
+--- org.glassfish:jakarta.el:4.0.2
|    \--- jakarta.el:jakarta.el-api:4.0.0
+--- com.fasterxml:classmate:1.5.1
\--- com.sun.mail:javax.mail:1.6.2
     \--- javax.activation:activation:1.1

runtimeElements - Runtime elements for the 'main' feature. (n)
No dependencies

runtimeOnly - Runtime-only dependencies for the 'main' feature. (n)
No dependencies

testAnnotationProcessor - Annotation processors and their dependencies for source set 'test'.
+--- org.projectlombok:lombok:1.18.24 -> 1.18.30
\--- org.projectlombok:lombok:1.18.30

testCompileClasspath - Compile classpath for source set 'test'.
+--- org.openjfx:javafx-base:21
+--- org.openjfx:javafx-graphics:21
|    \--- org.openjfx:javafx-base:21
+--- org.openjfx:javafx-controls:21
|    \--- org.openjfx:javafx-graphics:21 (*)
+--- org.openjfx:javafx-fxml:21
|    \--- org.openjfx:javafx-controls:21 (*)
+--- com.oracle.database.jdbc:ojdbc11:21.7.0.0
+--- jakarta.validation:jakarta.validation-api:3.0.2
+--- org.hibernate.validator:hibernate-validator:8.0.0.Final
|    +--- jakarta.validation:jakarta.validation-api:3.0.2
|    +--- org.jboss.logging:jboss-logging:3.4.1.Final
|    \--- com.fasterxml:classmate:1.5.1
+--- org.mindrot:jbcrypt:0.4
+--- org.glassfish:jakarta.el:4.0.2
|    \--- jakarta.el:jakarta.el-api:4.0.0
+--- com.fasterxml:classmate:1.5.1
+--- com.sun.mail:javax.mail:1.6.2
|    \--- javax.activation:activation:1.1
+--- org.projectlombok:lombok:1.18.24 -> 1.18.30
+--- org.projectlombok:lombok:1.18.30
\--- org.junit.jupiter:junit-jupiter-api:5.10.2
     +--- org.junit:junit-bom:5.10.2
     |    +--- org.junit.jupiter:junit-jupiter-api:5.10.2 (c)
     |    \--- org.junit.platform:junit-platform-commons:1.10.2 (c)
     +--- org.opentest4j:opentest4j:1.3.0
     +--- org.junit.platform:junit-platform-commons:1.10.2
     |    +--- org.junit:junit-bom:5.10.2 (*)
     |    \--- org.apiguardian:apiguardian-api:1.1.2
     \--- org.apiguardian:apiguardian-api:1.1.2

testCompileOnly - Compile only dependencies for source set 'test'. (n)
\--- org.projectlombok:lombok:1.18.30 (n)

testImplementation - Implementation only dependencies for source set 'test'. (n)
\--- org.junit.jupiter:junit-jupiter-api:5.10.2 (n)

testRuntimeClasspath - Runtime classpath of source set 'test'.
+--- org.openjfx:javafx-base:21
+--- org.openjfx:javafx-graphics:21
|    \--- org.openjfx:javafx-base:21
+--- org.openjfx:javafx-controls:21
|    \--- org.openjfx:javafx-graphics:21 (*)
+--- org.openjfx:javafx-fxml:21
|    \--- org.openjfx:javafx-controls:21 (*)
+--- com.oracle.database.jdbc:ojdbc11:21.7.0.0
+--- jakarta.validation:jakarta.validation-api:3.0.2
+--- org.hibernate.validator:hibernate-validator:8.0.0.Final
|    +--- jakarta.validation:jakarta.validation-api:3.0.2
|    +--- org.jboss.logging:jboss-logging:3.4.1.Final
|    \--- com.fasterxml:classmate:1.5.1
+--- org.mindrot:jbcrypt:0.4
+--- org.glassfish:jakarta.el:4.0.2
|    \--- jakarta.el:jakarta.el-api:4.0.0
+--- com.fasterxml:classmate:1.5.1
+--- com.sun.mail:javax.mail:1.6.2
|    \--- javax.activation:activation:1.1
+--- org.junit.jupiter:junit-jupiter-api:5.10.2
|    +--- org.junit:junit-bom:5.10.2
|    |    +--- org.junit.jupiter:junit-jupiter-api:5.10.2 (c)
|    |    +--- org.junit.jupiter:junit-jupiter-engine:5.10.2 (c)
|    |    +--- org.junit.platform:junit-platform-commons:1.10.2 (c)
|    |    \--- org.junit.platform:junit-platform-engine:1.10.2 (c)
|    +--- org.opentest4j:opentest4j:1.3.0
|    \--- org.junit.platform:junit-platform-commons:1.10.2
|         \--- org.junit:junit-bom:5.10.2 (*)
\--- org.junit.jupiter:junit-jupiter-engine:5.10.2
     +--- org.junit:junit-bom:5.10.2 (*)
     +--- org.junit.platform:junit-platform-engine:1.10.2
     |    +--- org.junit:junit-bom:5.10.2 (*)
     |    +--- org.opentest4j:opentest4j:1.3.0
     |    \--- org.junit.platform:junit-platform-commons:1.10.2 (*)
     \--- org.junit.jupiter:junit-jupiter-api:5.10.2 (*)

testRuntimeOnly - Runtime only dependencies for source set 'test'. (n)
\--- org.junit.jupiter:junit-jupiter-engine:5.10.2 (n)

(c) - A dependency constraint, not a dependency. The dependency affected by the constraint occurs elsewhere in the tree.
(*) - Indicates repeated occurrences of a transitive dependency subtree. Gradle expands transitive dependency subtrees only once per project; repeat occurrences only display the root of the subtree, followed by this annotation.

(n) - A dependency or dependency configuration that cannot be resolved.

A web-based, searchable dependency report is available by adding the --scan option.

Deprecated Gradle features were used in this build, making it incompatible with Gradle 9.0.

You can use '--warning-mode all' to show the individual deprecation warnings and determine if they come from your own scripts or plugins.

For more on this, please refer to https://docs.gradle.org/8.8/userguide/command_line_interface.html#sec:command_line_warnings in the Gradle documentation.

BUILD SUCCESSFUL in 15s
1 actionable task: 1 executed
2025-07-22T16:27:58.384+0900 [DEBUG] [org.gradle.launcher.daemon.server.exec.ExecuteBuild] The daemon has finished executing the build.
2025-07-22T16:27:58.392+0900 [DEBUG] [org.gradle.launcher.daemon.server.DaemonStateCoordinator] daemon is running. Sleeping until state changes.
2025-07-22T16:27:58.392+0900 [DEBUG] [org.gradle.launcher.daemon.server.DaemonStateCoordinator] Command execution: finished waiting for DaemonCommandExecution[command = Build{id=8fb2bbfe-c35d-43cc-b020-342ab105e9eb, currentDir=/Users/bangdaehyeog/Desktop/stayD}, connection = DefaultDaemonConnection: socket connection from /127.0.0.1:52768 to /127.0.0.1:52769]. Result org.gradle.launcher.daemon.server.DaemonStateCoordinator@107279f6 with state Busy
2025-07-22T16:27:58.392+0900 [DEBUG] [org.gradle.launcher.daemon.server.DaemonStateCoordinator] Command execution: completed DaemonCommandExecution[command = Build{id=8fb2bbfe-c35d-43cc-b020-342ab105e9eb, currentDir=/Users/bangdaehyeog/Desktop/stayD}, connection = DefaultDaemonConnection: socket connection from /127.0.0.1:52768 to /127.0.0.1:52769]
2025-07-22T16:27:58.392+0900 [DEBUG] [org.gradle.launcher.daemon.server.DaemonStateCoordinator] resetting idle timer
2025-07-22T16:27:58.392+0900 [INFO] [org.gradle.launcher.daemon.server.DaemonRegistryUpdater] Marking the daemon as idle, address: [f4f3c0ba-04e1-4b08-81ac-a948e97a46a9 port:52768, addresses:[localhost/127.0.0.1]]
2025-07-22T16:27:58.393+0900 [DEBUG] [org.gradle.launcher.daemon.registry.PersistentDaemonRegistry] Marking busy by address: [f4f3c0ba-04e1-4b08-81ac-a948e97a46a9 port:52768, addresses:[localhost/127.0.0.1]]
2025-07-22T16:27:58.393+0900 [DEBUG] [org.gradle.cache.internal.DefaultFileLockManager] Waiting to acquire exclusive lock on daemon addresses registry.
2025-07-22T16:27:58.393+0900 [DEBUG] [org.gradle.cache.internal.DefaultFileLockManager] Lock acquired on daemon addresses registry.
2025-07-22T16:27:58.393+0900 [DEBUG] [org.gradle.cache.internal.DefaultFileLockManager] Releasing lock on daemon addresses registry.
2025-07-22T16:27:58.393+0900 [DEBUG] [org.gradle.launcher.daemon.server.DaemonStateCoordinator] daemon is running. Sleeping until state changes.
2025-07-22T16:27:58.394+0900 [DEBUG] [org.gradle.launcher.daemon.server.exec.ReturnResult] Daemon is dispatching the build result: Success[value=org.gradle.launcher.exec.BuildActionResult@7771b062]
2025-07-22T16:27:58.394+0900 [DEBUG] [org.gradle.launcher.daemon.server.SynchronizedDispatchConnection] thread 31: dispatching Success[value=org.gradle.launcher.exec.BuildActionResult@7771b062]
2025-07-22T16:27:58.394+0900 [DEBUG] [org.gradle.launcher.daemon.server.exec.CleanUpVirtualFileSystemAfterBuild] Cleaning virtual file system after build finished
2025-07-22T16:27:58.394+0900 [DEBUG] [org.gradle.launcher.daemon.server.DefaultIncomingConnectionHandler] Finishing executing command: Build{id=8fb2bbfe-c35d-43cc-b020-342ab105e9eb, currentDir=/Users/bangdaehyeog/Desktop/stayD}
2025-07-22T16:27:58.395+0900 [DEBUG] [org.gradle.launcher.daemon.server.SynchronizedDispatchConnection] thread 32: received class org.gradle.launcher.daemon.protocol.CloseInput
2025-07-22T16:27:58.395+0900 [DEBUG] [org.gradle.launcher.daemon.server.DefaultDaemonConnection] thread 32: Received IO message from client: org.gradle.launcher.daemon.protocol.CloseInput@457cd757
2025-07-22T16:27:58.395+0900 [DEBUG] [org.gradle.launcher.daemon.server.SynchronizedDispatchConnection] thread 32: received class org.gradle.launcher.daemon.protocol.Finished
2025-07-22T16:27:58.395+0900 [DEBUG] [org.gradle.launcher.daemon.server.DefaultDaemonConnection] thread 32: Received non-IO message from client: org.gradle.launcher.daemon.protocol.Finished@337db604
2025-07-22T16:27:58.395+0900 [DEBUG] [org.gradle.internal.remote.internal.inet.SocketConnection] Discarding EOFException: java.io.EOFException
2025-07-22T16:27:58.395+0900 [DEBUG] [org.gradle.launcher.daemon.server.SynchronizedDispatchConnection] thread 32: received null
2025-07-22T16:27:58.395+0900 [DEBUG] [org.gradle.launcher.daemon.server.DefaultDaemonConnection] thread 32: Received end-of-input from client.
2025-07-22T16:27:58.396+0900 [WARN] [org.gradle.launcher.daemon.server.DefaultIncomingConnectionHandler] Timed out waiting for finished message from client socket connection from /127.0.0.1:52768 to /127.0.0.1:52769. Discarding connection.
2025-07-22T16:27:58.396+0900 [DEBUG] [org.gradle.launcher.daemon.server.SynchronizedDispatchConnection] thread 31: stopping connection
2025-07-22T16:27:58.398+0900 [DEBUG] [org.gradle.launcher.daemon.server.SynchronizedDispatchConnection] thread 31: stopping connection
2025-07-22T16:28:03.034+0900 [DEBUG] [org.gradle.cache.internal.DefaultFileLockManager] Waiting to acquire shared lock on daemon addresses registry.
2025-07-22T16:28:03.034+0900 [DEBUG] [org.gradle.cache.internal.DefaultFileLockManager] Lock acquired on daemon addresses registry.
2025-07-22T16:28:03.035+0900 [DEBUG] [org.gradle.cache.internal.DefaultFileLockManager] Releasing lock on daemon addresses registry.
2025-07-22T16:28:03.035+0900 [DEBUG] [org.gradle.cache.internal.DefaultFileLockManager] Waiting to acquire shared lock on daemon addresses registry.
2025-07-22T16:28:03.035+0900 [DEBUG] [org.gradle.cache.internal.DefaultFileLockManager] Lock acquired on daemon addresses registry.
2025-07-22T16:28:03.035+0900 [DEBUG] [org.gradle.cache.internal.DefaultFileLockManager] Releasing lock on daemon addresses registry.
2025-07-22T16:28:13.038+0900 [DEBUG] [org.gradle.cache.internal.DefaultFileLockManager] Waiting to acquire shared lock on daemon addresses registry.
2025-07-22T16:28:13.038+0900 [DEBUG] [org.gradle.cache.internal.DefaultFileLockManager] Lock acquired on daemon addresses registry.
2025-07-22T16:28:13.038+0900 [DEBUG] [org.gradle.cache.internal.DefaultFileLockManager] Releasing lock on daemon addresses registry.
2025-07-22T16:28:13.038+0900 [DEBUG] [org.gradle.cache.internal.DefaultFileLockManager] Waiting to acquire shared lock on daemon addresses registry.
2025-07-22T16:28:13.038+0900 [DEBUG] [org.gradle.cache.internal.DefaultFileLockManager] Lock acquired on daemon addresses registry.
2025-07-22T16:28:13.038+0900 [DEBUG] [org.gradle.cache.internal.DefaultFileLockManager] Releasing lock on daemon addresses registry.
2025-07-22T16:28:13.038+0900 [DEBUG] [org.gradle.cache.internal.DefaultFileLockManager] Waiting to acquire shared lock on daemon addresses registry.
2025-07-22T16:28:13.038+0900 [DEBUG] [org.gradle.cache.internal.DefaultFileLockManager] Lock acquired on daemon addresses registry.
2025-07-22T16:28:13.039+0900 [DEBUG] [org.gradle.cache.internal.DefaultFileLockManager] Releasing lock on daemon addresses registry.
2025-07-22T16:28:23.038+0900 [DEBUG] [org.gradle.cache.internal.DefaultFileLockManager] Waiting to acquire shared lock on daemon addresses registry.
2025-07-22T16:28:23.038+0900 [DEBUG] [org.gradle.cache.internal.DefaultFileLockManager] Lock acquired on daemon addresses registry.
2025-07-22T16:28:23.039+0900 [DEBUG] [org.gradle.cache.internal.DefaultFileLockManager] Releasing lock on daemon addresses registry.
2025-07-22T16:28:23.039+0900 [DEBUG] [org.gradle.cache.internal.DefaultFileLockManager] Waiting to acquire shared lock on daemon addresses registry.
2025-07-22T16:28:23.039+0900 [DEBUG] [org.gradle.cache.internal.DefaultFileLockManager] Lock acquired on daemon addresses registry.
2025-07-22T16:28:23.040+0900 [DEBUG] [org.gradle.cache.internal.DefaultFileLockManager] Releasing lock on daemon addresses registry.
2025-07-22T16:28:23.040+0900 [DEBUG] [org.gradle.cache.internal.DefaultFileLockManager] Waiting to acquire shared lock on daemon addresses registry.
2025-07-22T16:28:23.040+0900 [DEBUG] [org.gradle.cache.internal.DefaultFileLockManager] Lock acquired on daemon addresses registry.
2025-07-22T16:28:23.040+0900 [DEBUG] [org.gradle.cache.internal.DefaultFileLockManager] Releasing lock on daemon addresses registry.
2025-07-22T16:28:29.175+0900 [DEBUG] [org.gradle.internal.remote.internal.inet.TcpIncomingConnector] Accepted connection from /127.0.0.1:52809 to /127.0.0.1:52768.
2025-07-22T16:28:29.176+0900 [DEBUG] [org.gradle.launcher.daemon.server.SynchronizedDispatchConnection] thread 130: received class org.gradle.launcher.daemon.protocol.Build
2025-07-22T16:28:29.176+0900 [DEBUG] [org.gradle.launcher.daemon.server.DefaultDaemonConnection] thread 130: Received non-IO message from client: Build{id=01222ddf-e9e6-437c-9e9f-d288e1074bd8, currentDir=/Users/bangdaehyeog/Desktop/stayD}
2025-07-22T16:28:29.176+0900 [INFO] [org.gradle.launcher.daemon.server.DefaultIncomingConnectionHandler] Received command: Build{id=01222ddf-e9e6-437c-9e9f-d288e1074bd8, currentDir=/Users/bangdaehyeog/Desktop/stayD}.
2025-07-22T16:28:29.176+0900 [DEBUG] [org.gradle.launcher.daemon.server.DefaultIncomingConnectionHandler] Starting executing command: Build{id=01222ddf-e9e6-437c-9e9f-d288e1074bd8, currentDir=/Users/bangdaehyeog/Desktop/stayD} with connection: socket connection from /127.0.0.1:52768 to /127.0.0.1:52809.
2025-07-22T16:28:29.176+0900 [DEBUG] [org.gradle.launcher.daemon.server.DaemonStateCoordinator] Command execution: started DaemonCommandExecution[command = Build{id=01222ddf-e9e6-437c-9e9f-d288e1074bd8, currentDir=/Users/bangdaehyeog/Desktop/stayD}, connection = DefaultDaemonConnection: socket connection from /127.0.0.1:52768 to /127.0.0.1:52809] after 0.0 minutes of idle
2025-07-22T16:28:29.176+0900 [INFO] [org.gradle.launcher.daemon.server.DaemonRegistryUpdater] Marking the daemon as busy, address: [f4f3c0ba-04e1-4b08-81ac-a948e97a46a9 port:52768, addresses:[localhost/127.0.0.1]]
2025-07-22T16:28:29.176+0900 [DEBUG] [org.gradle.launcher.daemon.registry.PersistentDaemonRegistry] Marking busy by address: [f4f3c0ba-04e1-4b08-81ac-a948e97a46a9 port:52768, addresses:[localhost/127.0.0.1]]
2025-07-22T16:28:29.176+0900 [DEBUG] [org.gradle.cache.internal.DefaultFileLockManager] Waiting to acquire exclusive lock on daemon addresses registry.
2025-07-22T16:28:29.177+0900 [DEBUG] [org.gradle.cache.internal.DefaultFileLockManager] Lock acquired on daemon addresses registry.
2025-07-22T16:28:29.177+0900 [DEBUG] [org.gradle.cache.internal.DefaultFileLockManager] Releasing lock on daemon addresses registry.
2025-07-22T16:28:29.177+0900 [DEBUG] [org.gradle.launcher.daemon.server.DaemonStateCoordinator] resetting idle timer
2025-07-22T16:28:29.177+0900 [DEBUG] [org.gradle.launcher.daemon.server.DaemonStateCoordinator] daemon is running. Sleeping until state changes.
2025-07-22T16:28:29.177+0900 [INFO] [org.gradle.launcher.daemon.server.exec.StartBuildOrRespondWithBusy] Daemon is about to start building Build{id=01222ddf-e9e6-437c-9e9f-d288e1074bd8, currentDir=/Users/bangdaehyeog/Desktop/stayD}. Dispatching build started information...
2025-07-22T16:28:29.177+0900 [DEBUG] [org.gradle.launcher.daemon.server.SynchronizedDispatchConnection] thread 34: dispatching org.gradle.launcher.daemon.protocol.BuildStarted@4df22b32
2025-07-22T16:28:29.177+0900 [DEBUG] [org.gradle.launcher.daemon.server.exec.EstablishBuildEnvironment] Configuring env variables: [PATH, __CFBundleIdentifier, SHELL, PAGER, IJ_RESTARTER_LOG, LSCOLORS, OLDPWD, USER, ZSH, COMMAND_MODE, TMPDIR, SSH_AUTH_SOCK, XPC_FLAGS, __CF_USER_TEXT_ENCODING, LESS, LOGNAME, LC_CTYPE, LS_COLORS, XPC_SERVICE_NAME, HOME]
2025-07-22T16:28:29.178+0900 [DEBUG] [org.gradle.launcher.daemon.server.exec.LogToClient] About to start relaying all logs to the client via the connection.
2025-07-22T16:28:29.178+0900 [INFO] [org.gradle.launcher.daemon.server.exec.LogToClient] The client will now receive all logging from the daemon (pid: 34089). The daemon log file: /Users/bangdaehyeog/Desktop/stayD/daemon/8.8/daemon-34089.out.log
2025-07-22T16:28:29.179+0900 [INFO] [org.gradle.launcher.daemon.server.exec.LogAndCheckHealth] Starting 2nd build in daemon [uptime: 46.25 secs, performance: 100%, GC rate: 0.00/s, heap usage: 4% of 512 MiB, non-heap usage: 20% of 384 MiB]
2025-07-22T16:28:29.179+0900 [DEBUG] [org.gradle.launcher.daemon.server.exec.ExecuteBuild] The daemon has started executing the build.
2025-07-22T16:28:29.179+0900 [DEBUG] [org.gradle.launcher.daemon.server.exec.ExecuteBuild] Executing build with daemon context: DefaultDaemonContext[uid=ed9473dc-11bb-4ce3-86b9-7be7a0447056,javaHome=/Users/bangdaehyeog/Library/Java/JavaVirtualMachines/ms-21.0.7/Contents/Home,javaVersion=21,daemonRegistryDir=/Users/bangdaehyeog/Desktop/stayD/daemon,pid=34089,idleTimeout=10800000,priority=NORMAL,applyInstrumentationAgent=true,nativeServicesMode=ENABLED,daemonOpts=--add-opens=java.base/java.util=ALL-UNNAMED,--add-opens=java.base/java.lang=ALL-UNNAMED,--add-opens=java.base/java.lang.invoke=ALL-UNNAMED,--add-opens=java.prefs/java.util.prefs=ALL-UNNAMED,--add-opens=java.base/java.nio.charset=ALL-UNNAMED,--add-opens=java.base/java.net=ALL-UNNAMED,--add-opens=java.base/java.util.concurrent.atomic=ALL-UNNAMED,-XX:MaxMetaspaceSize=384m,-XX:+HeapDumpOnOutOfMemoryError,-Xms256m,-Xmx512m,-Dfile.encoding=UTF-8,-Duser.country,-Duser.language=en,-Duser.variant]
Project : => 'org.example.stayd' Java module

Welcome to Gradle 8.8.

To run a build, run gradle <task> ...

To see a list of available tasks, run gradle tasks

To see more detail about a task, run gradle help --task <task>

To see a list of command-line options, run gradle --help

For more detail on using Gradle, see https://docs.gradle.org/8.8/userguide/command_line_interface.html

For troubleshooting, visit https://help.gradle.org

Deprecated Gradle features were used in this build, making it incompatible with Gradle 9.0.

You can use '--warning-mode all' to show the individual deprecation warnings and determine if they come from your own scripts or plugins.

For more on this, please refer to https://docs.gradle.org/8.8/userguide/command_line_interface.html#sec:command_line_warnings in the Gradle documentation.

BUILD SUCCESSFUL in 72ms
1 actionable task: 1 executed
2025-07-22T16:28:29.257+0900 [DEBUG] [org.gradle.launcher.daemon.server.exec.ExecuteBuild] The daemon has finished executing the build.
2025-07-22T16:28:29.264+0900 [DEBUG] [org.gradle.launcher.daemon.server.DaemonStateCoordinator] daemon is running. Sleeping until state changes.
2025-07-22T16:28:29.264+0900 [DEBUG] [org.gradle.launcher.daemon.server.DaemonStateCoordinator] Command execution: finished waiting for DaemonCommandExecution[command = Build{id=01222ddf-e9e6-437c-9e9f-d288e1074bd8, currentDir=/Users/bangdaehyeog/Desktop/stayD}, connection = DefaultDaemonConnection: socket connection from /127.0.0.1:52768 to /127.0.0.1:52809]. Result org.gradle.launcher.daemon.server.DaemonStateCoordinator@107279f6 with state Busy
2025-07-22T16:28:29.264+0900 [DEBUG] [org.gradle.launcher.daemon.server.DaemonStateCoordinator] Command execution: completed DaemonCommandExecution[command = Build{id=01222ddf-e9e6-437c-9e9f-d288e1074bd8, currentDir=/Users/bangdaehyeog/Desktop/stayD}, connection = DefaultDaemonConnection: socket connection from /127.0.0.1:52768 to /127.0.0.1:52809]
2025-07-22T16:28:29.264+0900 [DEBUG] [org.gradle.launcher.daemon.server.DaemonStateCoordinator] resetting idle timer
2025-07-22T16:28:29.264+0900 [INFO] [org.gradle.launcher.daemon.server.DaemonRegistryUpdater] Marking the daemon as idle, address: [f4f3c0ba-04e1-4b08-81ac-a948e97a46a9 port:52768, addresses:[localhost/127.0.0.1]]
2025-07-22T16:28:29.265+0900 [DEBUG] [org.gradle.launcher.daemon.registry.PersistentDaemonRegistry] Marking busy by address: [f4f3c0ba-04e1-4b08-81ac-a948e97a46a9 port:52768, addresses:[localhost/127.0.0.1]]
2025-07-22T16:28:29.265+0900 [DEBUG] [org.gradle.cache.internal.DefaultFileLockManager] Waiting to acquire exclusive lock on daemon addresses registry.
2025-07-22T16:28:29.265+0900 [DEBUG] [org.gradle.cache.internal.DefaultFileLockManager] Lock acquired on daemon addresses registry.
2025-07-22T16:28:29.265+0900 [DEBUG] [org.gradle.cache.internal.DefaultFileLockManager] Releasing lock on daemon addresses registry.
2025-07-22T16:28:29.265+0900 [DEBUG] [org.gradle.launcher.daemon.server.exec.ReturnResult] Daemon is dispatching the build result: Success[value=org.gradle.launcher.exec.BuildActionResult@5fa89b3b]
2025-07-22T16:28:29.265+0900 [DEBUG] [org.gradle.launcher.daemon.server.DaemonStateCoordinator] daemon is running. Sleeping until state changes.
2025-07-22T16:28:29.265+0900 [DEBUG] [org.gradle.launcher.daemon.server.SynchronizedDispatchConnection] thread 31: dispatching Success[value=org.gradle.launcher.exec.BuildActionResult@5fa89b3b]
2025-07-22T16:28:29.265+0900 [DEBUG] [org.gradle.launcher.daemon.server.exec.CleanUpVirtualFileSystemAfterBuild] Cleaning virtual file system after build finished
2025-07-22T16:28:29.266+0900 [DEBUG] [org.gradle.launcher.daemon.server.DefaultIncomingConnectionHandler] Finishing executing command: Build{id=01222ddf-e9e6-437c-9e9f-d288e1074bd8, currentDir=/Users/bangdaehyeog/Desktop/stayD}
2025-07-22T16:28:29.266+0900 [DEBUG] [org.gradle.launcher.daemon.server.SynchronizedDispatchConnection] thread 130: received class org.gradle.launcher.daemon.protocol.CloseInput
2025-07-22T16:28:29.266+0900 [DEBUG] [org.gradle.launcher.daemon.server.DefaultDaemonConnection] thread 130: Received IO message from client: org.gradle.launcher.daemon.protocol.CloseInput@f3f5ada
2025-07-22T16:28:29.266+0900 [DEBUG] [org.gradle.launcher.daemon.server.SynchronizedDispatchConnection] thread 130: received class org.gradle.launcher.daemon.protocol.Finished
2025-07-22T16:28:29.266+0900 [DEBUG] [org.gradle.launcher.daemon.server.DefaultDaemonConnection] thread 130: Received non-IO message from client: org.gradle.launcher.daemon.protocol.Finished@1f8b54d
2025-07-22T16:28:29.266+0900 [DEBUG] [org.gradle.internal.remote.internal.inet.SocketConnection] Discarding EOFException: java.io.EOFException
2025-07-22T16:28:29.266+0900 [DEBUG] [org.gradle.launcher.daemon.server.SynchronizedDispatchConnection] thread 130: received null
2025-07-22T16:28:29.266+0900 [DEBUG] [org.gradle.launcher.daemon.server.DefaultDaemonConnection] thread 130: Received end-of-input from client.
2025-07-22T16:28:29.266+0900 [DEBUG] [org.gradle.launcher.daemon.server.DefaultIncomingConnectionHandler] Received finished message: org.gradle.launcher.daemon.protocol.Finished@1f8b54d
2025-07-22T16:28:29.266+0900 [DEBUG] [org.gradle.launcher.daemon.server.SynchronizedDispatchConnection] thread 31: stopping connection
2025-07-22T16:28:29.266+0900 [DEBUG] [org.gradle.launcher.daemon.server.SynchronizedDispatchConnection] thread 31: stopping connection
2025-07-22T16:28:33.039+0900 [DEBUG] [org.gradle.cache.internal.DefaultFileLockManager] Waiting to acquire shared lock on daemon addresses registry.
2025-07-22T16:28:33.039+0900 [DEBUG] [org.gradle.cache.internal.DefaultFileLockManager] Lock acquired on daemon addresses registry.
2025-07-22T16:28:33.040+0900 [DEBUG] [org.gradle.cache.internal.DefaultFileLockManager] Releasing lock on daemon addresses registry.
2025-07-22T16:28:33.040+0900 [DEBUG] [org.gradle.cache.internal.DefaultFileLockManager] Waiting to acquire shared lock on daemon addresses registry.
2025-07-22T16:28:33.041+0900 [DEBUG] [org.gradle.cache.internal.DefaultFileLockManager] Lock acquired on daemon addresses registry.
2025-07-22T16:28:33.044+0900 [DEBUG] [org.gradle.cache.internal.DefaultFileLockManager] Releasing lock on daemon addresses registry.
2025-07-22T16:28:43.035+0900 [DEBUG] [org.gradle.cache.internal.DefaultFileLockManager] Waiting to acquire shared lock on daemon addresses registry.
2025-07-22T16:28:43.035+0900 [DEBUG] [org.gradle.cache.internal.DefaultFileLockManager] Lock acquired on daemon addresses registry.
2025-07-22T16:28:43.036+0900 [DEBUG] [org.gradle.cache.internal.DefaultFileLockManager] Releasing lock on daemon addresses registry.
2025-07-22T16:28:43.037+0900 [DEBUG] [org.gradle.cache.internal.DefaultFileLockManager] Waiting to acquire shared lock on daemon addresses registry.
2025-07-22T16:28:43.037+0900 [DEBUG] [org.gradle.cache.internal.DefaultFileLockManager] Lock acquired on daemon addresses registry.
2025-07-22T16:28:43.037+0900 [DEBUG] [org.gradle.cache.internal.DefaultFileLockManager] Releasing lock on daemon addresses registry.
2025-07-22T16:28:43.037+0900 [DEBUG] [org.gradle.cache.internal.DefaultFileLockManager] Waiting to acquire shared lock on daemon addresses registry.
2025-07-22T16:28:43.038+0900 [DEBUG] [org.gradle.cache.internal.DefaultFileLockManager] Lock acquired on daemon addresses registry.
2025-07-22T16:28:43.038+0900 [DEBUG] [org.gradle.cache.internal.DefaultFileLockManager] Releasing lock on daemon addresses registry.
2025-07-22T16:28:53.033+0900 [DEBUG] [org.gradle.cache.internal.DefaultFileLockManager] Waiting to acquire shared lock on daemon addresses registry.
2025-07-22T16:28:53.034+0900 [DEBUG] [org.gradle.cache.internal.DefaultFileLockManager] Lock acquired on daemon addresses registry.
2025-07-22T16:28:53.034+0900 [DEBUG] [org.gradle.cache.internal.DefaultFileLockManager] Releasing lock on daemon addresses registry.
2025-07-22T16:28:53.035+0900 [DEBUG] [org.gradle.cache.internal.DefaultFileLockManager] Waiting to acquire shared lock on daemon addresses registry.
2025-07-22T16:28:53.035+0900 [DEBUG] [org.gradle.cache.internal.DefaultFileLockManager] Lock acquired on daemon addresses registry.
2025-07-22T16:28:53.035+0900 [DEBUG] [org.gradle.cache.internal.DefaultFileLockManager] Releasing lock on daemon addresses registry.
2025-07-22T16:28:53.036+0900 [DEBUG] [org.gradle.cache.internal.DefaultFileLockManager] Waiting to acquire shared lock on daemon addresses registry.
2025-07-22T16:28:53.036+0900 [DEBUG] [org.gradle.cache.internal.DefaultFileLockManager] Lock acquired on daemon addresses registry.
2025-07-22T16:28:53.036+0900 [DEBUG] [org.gradle.cache.internal.DefaultFileLockManager] Releasing lock on daemon addresses registry.
2025-07-22T16:29:03.037+0900 [DEBUG] [org.gradle.cache.internal.DefaultFileLockManager] Waiting to acquire shared lock on daemon addresses registry.
2025-07-22T16:29:03.037+0900 [DEBUG] [org.gradle.cache.internal.DefaultFileLockManager] Lock acquired on daemon addresses registry.
2025-07-22T16:29:03.038+0900 [DEBUG] [org.gradle.cache.internal.DefaultFileLockManager] Releasing lock on daemon addresses registry.
2025-07-22T16:29:03.038+0900 [DEBUG] [org.gradle.cache.internal.DefaultFileLockManager] Waiting to acquire shared lock on daemon addresses registry.
2025-07-22T16:29:03.039+0900 [DEBUG] [org.gradle.cache.internal.DefaultFileLockManager] Lock acquired on daemon addresses registry.
2025-07-22T16:29:03.039+0900 [DEBUG] [org.gradle.cache.internal.DefaultFileLockManager] Releasing lock on daemon addresses registry.
2025-07-22T16:29:03.040+0900 [DEBUG] [org.gradle.cache.internal.DefaultFileLockManager] Waiting to acquire shared lock on daemon addresses registry.
2025-07-22T16:29:03.040+0900 [DEBUG] [org.gradle.cache.internal.DefaultFileLockManager] Lock acquired on daemon addresses registry.
2025-07-22T16:29:03.040+0900 [DEBUG] [org.gradle.cache.internal.DefaultFileLockManager] Releasing lock on daemon addresses registry.
2025-07-22T16:29:13.036+0900 [DEBUG] [org.gradle.cache.internal.DefaultFileLockManager] Waiting to acquire shared lock on daemon addresses registry.
2025-07-22T16:29:13.036+0900 [DEBUG] [org.gradle.cache.internal.DefaultFileLockManager] Lock acquired on daemon addresses registry.
2025-07-22T16:29:13.037+0900 [DEBUG] [org.gradle.cache.internal.DefaultFileLockManager] Releasing lock on daemon addresses registry.
2025-07-22T16:29:13.038+0900 [DEBUG] [org.gradle.cache.internal.DefaultFileLockManager] Waiting to acquire shared lock on daemon addresses registry.
2025-07-22T16:29:13.038+0900 [DEBUG] [org.gradle.cache.internal.DefaultFileLockManager] Lock acquired on daemon addresses registry.
2025-07-22T16:29:13.039+0900 [DEBUG] [org.gradle.cache.internal.DefaultFileLockManager] Releasing lock on daemon addresses registry.
2025-07-22T16:29:13.039+0900 [DEBUG] [org.gradle.cache.internal.DefaultFileLockManager] Waiting to acquire shared lock on daemon addresses registry.
2025-07-22T16:29:13.040+0900 [DEBUG] [org.gradle.cache.internal.DefaultFileLockManager] Lock acquired on daemon addresses registry.
2025-07-22T16:29:13.040+0900 [DEBUG] [org.gradle.cache.internal.DefaultFileLockManager] Releasing lock on daemon addresses registry.
2025-07-22T16:29:23.040+0900 [DEBUG] [org.gradle.cache.internal.DefaultFileLockManager] Waiting to acquire shared lock on daemon addresses registry.
2025-07-22T16:29:23.041+0900 [DEBUG] [org.gradle.cache.internal.DefaultFileLockManager] Lock acquired on daemon addresses registry.
2025-07-22T16:29:23.041+0900 [DEBUG] [org.gradle.cache.internal.DefaultFileLockManager] Releasing lock on daemon addresses registry.
2025-07-22T16:29:23.042+0900 [DEBUG] [org.gradle.cache.internal.DefaultFileLockManager] Waiting to acquire shared lock on daemon addresses registry.
2025-07-22T16:29:23.043+0900 [DEBUG] [org.gradle.cache.internal.DefaultFileLockManager] Lock acquired on daemon addresses registry.
2025-07-22T16:29:23.045+0900 [DEBUG] [org.gradle.cache.internal.DefaultFileLockManager] Releasing lock on daemon addresses registry.
2025-07-22T16:29:23.046+0900 [DEBUG] [org.gradle.cache.internal.DefaultFileLockManager] Waiting to acquire shared lock on daemon addresses registry.
2025-07-22T16:29:23.047+0900 [DEBUG] [org.gradle.cache.internal.DefaultFileLockManager] Lock acquired on daemon addresses registry.
2025-07-22T16:29:23.048+0900 [DEBUG] [org.gradle.cache.internal.DefaultFileLockManager] Releasing lock on daemon addresses registry.
2025-07-22T16:29:33.035+0900 [DEBUG] [org.gradle.cache.internal.DefaultFileLockManager] Waiting to acquire shared lock on daemon addresses registry.
2025-07-22T16:29:33.037+0900 [DEBUG] [org.gradle.cache.internal.DefaultFileLockManager] Lock acquired on daemon addresses registry.
2025-07-22T16:29:33.038+0900 [DEBUG] [org.gradle.cache.internal.DefaultFileLockManager] Releasing lock on daemon addresses registry.
2025-07-22T16:29:33.039+0900 [DEBUG] [org.gradle.cache.internal.DefaultFileLockManager] Waiting to acquire shared lock on daemon addresses registry.
2025-07-22T16:29:33.039+0900 [DEBUG] [org.gradle.cache.internal.DefaultFileLockManager] Lock acquired on daemon addresses registry.
2025-07-22T16:29:33.040+0900 [DEBUG] [org.gradle.cache.internal.DefaultFileLockManager] Releasing lock on daemon addresses registry.
2025-07-22T16:29:33.040+0900 [DEBUG] [org.gradle.cache.internal.DefaultFileLockManager] Waiting to acquire shared lock on daemon addresses registry.
2025-07-22T16:29:33.040+0900 [DEBUG] [org.gradle.cache.internal.DefaultFileLockManager] Lock acquired on daemon addresses registry.
2025-07-22T16:29:33.041+0900 [DEBUG] [org.gradle.cache.internal.DefaultFileLockManager] Releasing lock on daemon addresses registry.
2025-07-22T16:29:40.404+0900 [DEBUG] [org.gradle.internal.remote.internal.inet.TcpIncomingConnector] Accepted connection from /127.0.0.1:52821 to /127.0.0.1:52768.
2025-07-22T16:29:40.407+0900 [DEBUG] [org.gradle.launcher.daemon.server.SynchronizedDispatchConnection] thread 166: received class org.gradle.launcher.daemon.protocol.StopWhenIdle
2025-07-22T16:29:40.408+0900 [DEBUG] [org.gradle.launcher.daemon.server.DefaultDaemonConnection] thread 166: Received non-IO message from client: StopWhenIdle[id=b34e2549-5d51-458f-a76b-7ef442b31f75]
2025-07-22T16:29:40.408+0900 [INFO] [org.gradle.launcher.daemon.server.DefaultIncomingConnectionHandler] Received command: StopWhenIdle[id=b34e2549-5d51-458f-a76b-7ef442b31f75].
2025-07-22T16:29:40.408+0900 [DEBUG] [org.gradle.launcher.daemon.server.DefaultIncomingConnectionHandler] Starting executing command: StopWhenIdle[id=b34e2549-5d51-458f-a76b-7ef442b31f75] with connection: socket connection from /127.0.0.1:52768 to /127.0.0.1:52821.
2025-07-22T16:29:40.408+0900 [DEBUG] [org.gradle.launcher.daemon.server.DaemonRegistryUpdater] Storing daemon stop event: stop command received
2025-07-22T16:29:40.408+0900 [DEBUG] [org.gradle.launcher.daemon.registry.PersistentDaemonRegistry] Storing daemon stop event with timestamp 1753169380408
2025-07-22T16:29:40.408+0900 [DEBUG] [org.gradle.cache.internal.DefaultFileLockManager] Waiting to acquire exclusive lock on daemon addresses registry.
2025-07-22T16:29:40.409+0900 [DEBUG] [org.gradle.cache.internal.DefaultFileLockManager] Lock acquired on daemon addresses registry.
2025-07-22T16:29:40.409+0900 [DEBUG] [org.gradle.cache.internal.DefaultFileLockManager] Releasing lock on daemon addresses registry.
2025-07-22T16:29:40.409+0900 [LIFECYCLE] [org.gradle.launcher.daemon.server.DaemonStateCoordinator] Daemon will be stopped at the end of the build stop command received
2025-07-22T16:29:40.409+0900 [DEBUG] [org.gradle.launcher.daemon.server.DaemonStateCoordinator] Marking daemon stopped due to stop command received. The daemon is running a build: false
2025-07-22T16:29:40.409+0900 [DEBUG] [org.gradle.launcher.daemon.server.SynchronizedDispatchConnection] thread 165: dispatching Success[value=null]
2025-07-22T16:29:40.409+0900 [DEBUG] [org.gradle.launcher.daemon.server.DaemonStateCoordinator] daemon has stopped.
2025-07-22T16:29:40.409+0900 [DEBUG] [org.gradle.launcher.daemon.server.DefaultIncomingConnectionHandler] Finishing executing command: StopWhenIdle[id=b34e2549-5d51-458f-a76b-7ef442b31f75]
2025-07-22T16:29:40.409+0900 [DEBUG] [org.gradle.launcher.daemon.server.Daemon] stop() called on daemon
2025-07-22T16:29:40.410+0900 [INFO] [org.gradle.launcher.daemon.server.Daemon] Stop requested. Daemon is removing its presence from the registry...
2025-07-22T16:29:40.410+0900 [DEBUG] [org.gradle.launcher.daemon.server.SynchronizedDispatchConnection] thread 166: received class org.gradle.launcher.daemon.protocol.Finished
2025-07-22T16:29:40.410+0900 [DEBUG] [org.gradle.launcher.daemon.server.DaemonRegistryUpdater] Removing our presence to clients, eg. removing this address from the registry: [f4f3c0ba-04e1-4b08-81ac-a948e97a46a9 port:52768, addresses:[localhost/127.0.0.1]]
2025-07-22T16:29:40.410+0900 [DEBUG] [org.gradle.launcher.daemon.server.DefaultDaemonConnection] thread 166: Received non-IO message from client: org.gradle.launcher.daemon.protocol.Finished@eb1e36b
2025-07-22T16:29:40.410+0900 [DEBUG] [org.gradle.launcher.daemon.registry.PersistentDaemonRegistry] Removing daemon address: [f4f3c0ba-04e1-4b08-81ac-a948e97a46a9 port:52768, addresses:[localhost/127.0.0.1]]
2025-07-22T16:29:40.410+0900 [DEBUG] [org.gradle.launcher.daemon.server.DefaultIncomingConnectionHandler] Received finished message: org.gradle.launcher.daemon.protocol.Finished@eb1e36b
2025-07-22T16:29:40.410+0900 [DEBUG] [org.gradle.internal.remote.internal.inet.SocketConnection] Discarding EOFException: java.io.EOFException
2025-07-22T16:29:40.410+0900 [DEBUG] [org.gradle.cache.internal.DefaultFileLockManager] Waiting to acquire exclusive lock on daemon addresses registry.
2025-07-22T16:29:40.410+0900 [DEBUG] [org.gradle.launcher.daemon.server.SynchronizedDispatchConnection] thread 166: received null
2025-07-22T16:29:40.410+0900 [DEBUG] [org.gradle.launcher.daemon.server.SynchronizedDispatchConnection] thread 165: stopping connection
2025-07-22T16:29:40.411+0900 [DEBUG] [org.gradle.cache.internal.DefaultFileLockManager] Lock acquired on daemon addresses registry.
2025-07-22T16:29:40.411+0900 [DEBUG] [org.gradle.launcher.daemon.server.DefaultDaemonConnection] thread 166: Received end-of-input from client.
2025-07-22T16:29:40.411+0900 [DEBUG] [org.gradle.launcher.daemon.server.SynchronizedDispatchConnection] thread 165: stopping connection
2025-07-22T16:29:40.411+0900 [DEBUG] [org.gradle.cache.internal.DefaultFileLockManager] Releasing lock on daemon addresses registry.
2025-07-22T16:29:40.411+0900 [DEBUG] [org.gradle.launcher.daemon.server.DaemonRegistryUpdater] Address removed from registry.
2025-07-22T16:29:40.413+0900 [DEBUG] [org.gradle.cache.internal.LockOnDemandCrossProcessCacheAccess] Releasing file lock for jars (/Users/bangdaehyeog/Desktop/stayD/caches/jars-9)
2025-07-22T16:29:40.413+0900 [DEBUG] [org.gradle.cache.internal.DefaultFileLockManager] Releasing lock on jars (/Users/bangdaehyeog/Desktop/stayD/caches/jars-9).
2025-07-22T16:29:40.413+0900 [DEBUG] [org.gradle.cache.internal.LockOnDemandCrossProcessCacheAccess] Releasing file lock for file content cache (/Users/bangdaehyeog/Desktop/stayD/caches/8.8/fileContent)
2025-07-22T16:29:40.414+0900 [DEBUG] [org.gradle.cache.internal.DefaultFileLockManager] Releasing lock on file content cache (/Users/bangdaehyeog/Desktop/stayD/caches/8.8/fileContent).
2025-07-22T16:29:40.414+0900 [DEBUG] [org.gradle.internal.watch.vfs.impl.WatchingVirtualFileSystem] Closing VFS, dropping state
2025-07-22T16:29:40.414+0900 [DEBUG] [org.gradle.cache.internal.DefaultCacheCoordinator] Cache Generated Gradle JARs cache (/Users/bangdaehyeog/Desktop/stayD/caches/8.8/generated-gradle-jars) was closed 0 times.
2025-07-22T16:29:40.414+0900 [DEBUG] [org.gradle.internal.watch.registry.impl.DefaultFileWatcherRegistry] Finished listening to file system change events
2025-07-22T16:29:40.414+0900 [DEBUG] [org.gradle.cache.internal.LockOnDemandCrossProcessCacheAccess] Releasing file lock for artifact cache (/Users/bangdaehyeog/Desktop/stayD/caches/modules-2)
2025-07-22T16:29:40.414+0900 [DEBUG] [org.gradle.cache.internal.btree.BTreePersistentIndexedCache] Closing cache resource-at-url.bin (/Users/bangdaehyeog/Desktop/stayD/caches/modules-2/metadata-2.106/resource-at-url.bin)
2025-07-22T16:29:40.414+0900 [DEBUG] [org.gradle.cache.internal.btree.BTreePersistentIndexedCache] Closing cache module-artifact.bin (/Users/bangdaehyeog/Desktop/stayD/caches/modules-2/metadata-2.106/module-artifact.bin)
2025-07-22T16:29:40.415+0900 [DEBUG] [org.gradle.cache.internal.btree.BTreePersistentIndexedCache] Closing cache module-metadata.bin (/Users/bangdaehyeog/Desktop/stayD/caches/modules-2/metadata-2.106/module-metadata.bin)
2025-07-22T16:29:40.415+0900 [DEBUG] [org.gradle.cache.internal.DefaultFileLockManager] Releasing lock on artifact cache (/Users/bangdaehyeog/Desktop/stayD/caches/modules-2).
2025-07-22T16:29:40.415+0900 [DEBUG] [org.gradle.cache.internal.DefaultCacheCoordinator] Cache groovy-dsl (/Users/bangdaehyeog/Desktop/stayD/caches/8.8/groovy-dsl) was closed 0 times.
2025-07-22T16:29:40.415+0900 [DEBUG] [org.gradle.cache.internal.DefaultCacheCoordinator] Cache Artifact transforms cache (/Users/bangdaehyeog/Desktop/stayD/caches/8.8/transforms) was closed 0 times.
2025-07-22T16:29:40.415+0900 [DEBUG] [org.gradle.cache.internal.LockOnDemandCrossProcessCacheAccess] Releasing file lock for journal cache (/Users/bangdaehyeog/Desktop/stayD/caches/journal-1)
2025-07-22T16:29:40.415+0900 [DEBUG] [org.gradle.cache.internal.btree.BTreePersistentIndexedCache] Closing cache file-access.bin (/Users/bangdaehyeog/Desktop/stayD/caches/journal-1/file-access.bin)
2025-07-22T16:29:40.415+0900 [DEBUG] [org.gradle.cache.internal.DefaultFileLockManager] Releasing lock on journal cache (/Users/bangdaehyeog/Desktop/stayD/caches/journal-1).
2025-07-22T16:29:40.415+0900 [DEBUG] [org.gradle.cache.internal.LockOnDemandCrossProcessCacheAccess] Releasing file lock for file hash cache (/Users/bangdaehyeog/Desktop/stayD/caches/8.8/fileHashes)
2025-07-22T16:29:40.416+0900 [DEBUG] [org.gradle.cache.internal.btree.BTreePersistentIndexedCache] Closing cache fileHashes.bin (/Users/bangdaehyeog/Desktop/stayD/caches/8.8/fileHashes/fileHashes.bin)
2025-07-22T16:29:40.416+0900 [DEBUG] [org.gradle.cache.internal.btree.BTreePersistentIndexedCache] Closing cache resourceHashesCache.bin (/Users/bangdaehyeog/Desktop/stayD/caches/8.8/fileHashes/resourceHashesCache.bin)
2025-07-22T16:29:40.416+0900 [DEBUG] [org.gradle.cache.internal.DefaultFileLockManager] Releasing lock on file hash cache (/Users/bangdaehyeog/Desktop/stayD/caches/8.8/fileHashes).
2025-07-22T16:29:40.416+0900 [DEBUG] [org.gradle.internal.operations.DefaultBuildOperationRunner] Build operation 'Deleting unused version-specific caches in /Users/bangdaehyeog/Desktop/stayD/caches' started
2025-07-22T16:29:40.420+0900 [DEBUG] [org.gradle.cache.internal.VersionSpecificCacheCleanupAction] Processed version-specific caches at /Users/bangdaehyeog/Desktop/stayD/caches for cleanup in 0.003 secs
2025-07-22T16:29:40.420+0900 [DEBUG] [org.gradle.internal.operations.DefaultBuildOperationRunner] Completing Build operation 'Deleting unused version-specific caches in /Users/bangdaehyeog/Desktop/stayD/caches'
2025-07-22T16:29:40.421+0900 [DEBUG] [org.gradle.internal.operations.DefaultBuildOperationRunner] Build operation 'Deleting unused version-specific caches in /Users/bangdaehyeog/Desktop/stayD/caches' completed
2025-07-22T16:29:40.421+0900 [DEBUG] [org.gradle.internal.operations.DefaultBuildOperationRunner] Build operation 'Deleting unused Gradle distributions in /Users/bangdaehyeog/Desktop/stayD/wrapper/dists' started
2025-07-22T16:29:40.422+0900 [DEBUG] [org.gradle.internal.operations.DefaultBuildOperationRunner] Completing Build operation 'Deleting unused Gradle distributions in /Users/bangdaehyeog/Desktop/stayD/wrapper/dists'
2025-07-22T16:29:40.422+0900 [DEBUG] [org.gradle.internal.operations.DefaultBuildOperationRunner] Build operation 'Deleting unused Gradle distributions in /Users/bangdaehyeog/Desktop/stayD/wrapper/dists' completed
2025-07-22T16:29:40.422+0900 [DEBUG] [java.lang.Runtime] Runtime.exit() called with status: 0
java.lang.Throwable: Runtime.exit(0)
	at java.base/java.lang.Shutdown.logRuntimeExit(Shutdown.java:179)
	at java.base/java.lang.Shutdown.exit(Shutdown.java:160)
	at java.base/java.lang.Runtime.exit(Runtime.java:188)
	at java.base/java.lang.System.exit(System.java:1920)
	at org.gradle.launcher.bootstrap.ProcessCompleter.complete(ProcessCompleter.java:21)
	at org.gradle.launcher.bootstrap.EntryPoint.run(EntryPoint.java:60)
	at java.base/jdk.internal.reflect.DirectMethodHandleAccessor.invoke(DirectMethodHandleAccessor.java:103)
	at java.base/java.lang.reflect.Method.invoke(Method.java:580)
	at org.gradle.launcher.bootstrap.ProcessBootstrap.runNoExit(ProcessBootstrap.java:60)
	at org.gradle.launcher.bootstrap.ProcessBootstrap.run(ProcessBootstrap.java:37)
	at org.gradle.launcher.daemon.bootstrap.GradleDaemon.main(GradleDaemon.java:22)
Daemon vm is shutting down... The daemon has exited normally or was terminated in response to a user interrupt.
2025-07-22T16:29:40.423+0900 [DEBUG] [org.gradle.launcher.daemon.registry.PersistentDaemonRegistry] Removing daemon address: [f4f3c0ba-04e1-4b08-81ac-a948e97a46a9 port:52768, addresses:[localhost/127.0.0.1]]
2025-07-22T16:29:40.423+0900 [DEBUG] [org.gradle.cache.internal.DefaultFileLockManager] Waiting to acquire exclusive lock on daemon addresses registry.
2025-07-22T16:29:40.423+0900 [DEBUG] [org.gradle.cache.internal.DefaultFileLockManager] Lock acquired on daemon addresses registry.
2025-07-22T16:29:40.423+0900 [DEBUG] [org.gradle.cache.internal.DefaultFileLockManager] Releasing lock on daemon addresses registry.
